cybbr:WOW alright. I got one trick up my sleeve.
cybbr:Lets see if you can keep up with this!