{"song":{"player1":"bf","player2":"cybbr-golden","notes":[{"sectionNotes":[],"lengthInSteps":16,"typeOfSection":0,"mustHitSection":false},{"sectionNotes":[],"lengthInSteps":16,"typeOfSection":0,"mustHitSection":false},{"sectionNotes":[],"lengthInSteps":16,"typeOfSection":0,"mustHitSection":false},{"sectionNotes":[],"lengthInSteps":16,"typeOfSection":0,"mustHitSection":false},{"sectionNotes":[],"lengthInSteps":16,"typeOfSection":0,"mustHitSection":false},{"sectionNotes":[],"lengthInSteps":16,"typeOfSection":0,"mustHitSection":false},{"sectionNotes":[],"lengthInSteps":16,"typeOfSection":0,"mustHitSection":false},{"sectionNotes":[],"lengthInSteps":16,"typeOfSection":0,"mustHitSection":false},{"sectionNotes":[[12000,2,0],[12750,0,0],[12937.5,3,0],[13125,3,0],[12187.5,0,0],[12562.5,1,0]],"lengthInSteps":16,"typeOfSection":0,"mustHitSection":false},{"sectionNotes":[[13500,2,0],[13687.5,1,0],[14062.5,1,468.75],[14625,0,0],[14906.25,3,0]],"lengthInSteps":16,"typeOfSection":0,"mustHitSection":false},{"sectionNotes":[[15000,0,0],[15281.25,3,0],[15375,2,281.25],[15750,3,0],[16031.25,0,0],[16125,3,0],[16406.25,0,0]],"lengthInSteps":16,"typeOfSection":0,"mustHitSection":false},{"sectionNotes":[[16500,2,281.25],[16875,1,281.25],[17250,0,656.25]],"lengthInSteps":16,"typeOfSection":0,"mustHitSection":false},{"sectionNotes":[[18000,2,0],[18750,0,0],[18937.5,3,0],[19125,3,0],[18187.5,0,0],[18562.5,1,0]],"lengthInSteps":16,"typeOfSection":0,"mustHitSection":true},{"sectionNotes":[[19500,2,0],[19687.5,1,0],[20062.5,1,468.75],[20625,0,0],[20906.25,3,0]],"lengthInSteps":16,"typeOfSection":0,"mustHitSection":true},{"sectionNotes":[[21000,0,0],[21281.25,3,0],[21375,2,281.25],[21750,3,0],[22031.25,0,0],[22125,3,0],[22406.25,0,0]],"lengthInSteps":16,"typeOfSection":0,"mustHitSection":true},{"sectionNotes":[[22875,1,281.25],[22500,2,281.25],[23250,0,281.25],[23625,1,281.25]],"lengthInSteps":16,"typeOfSection":0,"mustHitSection":true},{"sectionNotes":[[24000,2,0],[24750,0,0],[25125,2,0],[24562.5,1,0]],"lengthInSteps":16,"typeOfSection":0,"mustHitSection":false},{"sectionNotes":[[25500,2,0],[25781.25,0,0],[26062.5,1,281.25],[26625,1,281.25]],"lengthInSteps":16,"typeOfSection":0,"mustHitSection":false},{"sectionNotes":[[27000,0,0],[27187.5,2,0],[27562.5,0,0],[27656.25,2,0],[28031.25,2,0],[28218.75,2,0]],"lengthInSteps":16,"typeOfSection":0,"mustHitSection":false},{"sectionNotes":[[28687.5,1,0],[29156.25,3,0],[29343.75,0,0],[29625,3,0],[29812.5,1,0],[28500,3,0]],"lengthInSteps":16,"typeOfSection":0,"mustHitSection":false},{"sectionNotes":[[30000,2,0],[30750,0,0],[31125,2,0],[30562.5,1,0]],"lengthInSteps":16,"typeOfSection":0,"mustHitSection":true},{"sectionNotes":[[31500,2,0],[31781.25,0,0],[32062.5,1,281.25],[32625,1,281.25]],"lengthInSteps":16,"typeOfSection":0,"mustHitSection":true},{"sectionNotes":[[33000,0,0],[33187.5,2,0],[33562.5,0,0],[33656.25,2,0],[34031.25,2,0],[34218.75,2,0]],"lengthInSteps":16,"typeOfSection":0,"mustHitSection":true},{"sectionNotes":[[34687.5,1,0],[35156.25,3,0],[35343.75,0,0],[35625,3,0],[35812.5,1,0],[34500,3,0]],"lengthInSteps":16,"typeOfSection":0,"mustHitSection":true},{"sectionNotes":[[36000,2,0],[37125,3,0],[36562.5,1,0]],"lengthInSteps":16,"typeOfSection":0,"mustHitSection":false},{"sectionNotes":[[37500,2,0],[37687.5,1,0],[38062.5,0,843.75]],"lengthInSteps":16,"typeOfSection":0,"mustHitSection":false},{"sectionNotes":[[39000,3,0],[39375,2,0],[39750,0,0],[40125,1,0],[40312.5,2,0]],"lengthInSteps":16,"typeOfSection":0,"mustHitSection":false},{"sectionNotes":[[40500,3,656.25],[41250,0,0],[41625,3,0]],"lengthInSteps":16,"typeOfSection":0,"mustHitSection":false},{"sectionNotes":[[42000,2,0],[43125,3,0],[42562.5,1,0]],"lengthInSteps":16,"typeOfSection":0,"mustHitSection":true},{"sectionNotes":[[43500,2,0],[43687.5,1,0],[44062.5,0,843.75]],"lengthInSteps":16,"typeOfSection":0,"mustHitSection":true},{"sectionNotes":[[45000,3,0],[45375,2,0],[45750,0,0],[46125,1,0],[46312.5,2,0]],"lengthInSteps":16,"typeOfSection":0,"mustHitSection":true},{"sectionNotes":[[46500,3,656.25],[47250,0,0],[47625,3,0]],"lengthInSteps":16,"typeOfSection":0,"mustHitSection":true},{"sectionNotes":[],"lengthInSteps":16,"typeOfSection":0,"mustHitSection":true},{"sectionNotes":[[49968.75,3,0],[50250,2,0],[50531.25,1,0],[50906.25,3,0],[49500,0,0],[49781.25,1,0]],"lengthInSteps":16,"typeOfSection":0,"mustHitSection":false},{"sectionNotes":[[51000,0,0],[51468.75,3,0],[51750,3,0],[51937.5,0,0],[52218.75,1,0]],"lengthInSteps":16,"typeOfSection":0,"mustHitSection":false},{"sectionNotes":[[52500,1,1218.75]],"lengthInSteps":16,"typeOfSection":0,"mustHitSection":false},{"sectionNotes":[[54000,2,1218.75]],"lengthInSteps":16,"typeOfSection":0,"mustHitSection":false},{"sectionNotes":[[55968.75,3,0],[56250,2,0],[56531.25,1,0],[56906.25,3,0],[55500,0,0],[55781.25,1,0]],"lengthInSteps":16,"typeOfSection":0,"mustHitSection":true},{"sectionNotes":[[57000,0,0],[57468.75,3,0],[57750,3,0],[57937.5,0,0],[58218.75,1,0]],"lengthInSteps":16,"typeOfSection":0,"mustHitSection":true},{"sectionNotes":[[58500,1,1218.75]],"lengthInSteps":16,"typeOfSection":0,"mustHitSection":true},{"sectionNotes":[[60000,2,1218.75]],"lengthInSteps":16,"typeOfSection":0,"mustHitSection":true},{"sectionNotes":[[61500,2,0],[62625,3,0],[62062.5,1,0]],"lengthInSteps":16,"typeOfSection":0,"mustHitSection":false},{"sectionNotes":[[63000,2,0],[63187.5,1,0],[63562.5,0,843.75]],"lengthInSteps":16,"typeOfSection":0,"mustHitSection":false},{"sectionNotes":[[64500,3,0],[64875,2,0],[65250,0,0],[65625,1,0],[65812.5,2,0]],"lengthInSteps":16,"typeOfSection":0,"mustHitSection":false},{"sectionNotes":[[66000,3,656.25],[66750,0,0],[67125,3,0]],"lengthInSteps":16,"typeOfSection":0,"mustHitSection":false},{"sectionNotes":[[67500,2,0],[68625,3,0],[68062.5,1,0]],"lengthInSteps":16,"typeOfSection":0,"mustHitSection":true},{"sectionNotes":[[69000,2,0],[69187.5,1,0],[69562.5,0,843.75]],"lengthInSteps":16,"typeOfSection":0,"mustHitSection":true},{"sectionNotes":[[70500,3,0],[70875,2,0],[71250,0,0],[71625,1,0],[71812.5,2,0]],"lengthInSteps":16,"typeOfSection":0,"mustHitSection":true},{"sectionNotes":[[72000,3,656.25],[72750,0,0],[73125,3,0]],"lengthInSteps":16,"typeOfSection":0,"mustHitSection":true},{"sectionNotes":[[73500,2,0],[74250,0,0],[74437.5,3,0],[74625,3,0],[73687.5,0,0],[74062.5,1,0]],"lengthInSteps":16,"typeOfSection":0,"mustHitSection":false},{"sectionNotes":[[75000,2,0],[75187.5,1,0],[75562.5,1,468.75],[76125,0,0],[76406.25,3,0]],"lengthInSteps":16,"typeOfSection":0,"mustHitSection":false},{"sectionNotes":[[76500,0,0],[76781.25,3,0],[76875,2,281.25],[77250,3,0],[77531.25,0,0],[77625,3,0],[77906.25,0,0]],"lengthInSteps":16,"typeOfSection":0,"mustHitSection":false},{"sectionNotes":[[78000,2,281.25],[78375,1,281.25],[78750,0,656.25]],"lengthInSteps":16,"typeOfSection":0,"mustHitSection":false},{"sectionNotes":[[79500,2,0],[80250,0,0],[80437.5,3,0],[80625,3,0],[79687.5,0,0],[80062.5,1,0]],"lengthInSteps":16,"typeOfSection":0,"mustHitSection":true},{"sectionNotes":[[81000,2,0],[81187.5,1,0],[81562.5,1,468.75],[82125,0,0],[82406.25,3,0]],"lengthInSteps":16,"typeOfSection":0,"mustHitSection":true},{"sectionNotes":[[82500,0,0],[82781.25,3,0],[82875,2,281.25],[83250,3,0],[83531.25,0,0],[83625,3,0],[83906.25,0,0]],"lengthInSteps":16,"typeOfSection":0,"mustHitSection":true},{"sectionNotes":[[84375,1,281.25],[84000,2,281.25],[84750,0,281.25],[85125,1,281.25]],"lengthInSteps":16,"typeOfSection":0,"mustHitSection":true},{"sectionNotes":[],"lengthInSteps":16,"typeOfSection":0,"mustHitSection":true},{"sectionNotes":[[87093.75,2,0],[87000,1,0],[87375,1,0],[87468.75,2,0],[87750,1,0],[87843.75,2,0],[88125,1,0],[88218.75,2,0]],"lengthInSteps":16,"typeOfSection":0,"mustHitSection":false},{"sectionNotes":[[88500,0,0],[89625,3,281.25],[88687.5,2,0],[88875,3,562.5]],"lengthInSteps":16,"typeOfSection":0,"mustHitSection":false},{"sectionNotes":[[90000,0,0],[90093.75,1,0],[90375,0,0],[90468.75,1,0],[90750,0,0],[90937.5,2,0],[91218.75,1,0]],"lengthInSteps":16,"typeOfSection":0,"mustHitSection":false},{"sectionNotes":[[91500,0,0],[91781.25,3,0],[92062.5,2,0],[92343.75,1,0],[92625,0,0],[92906.25,3,0]],"lengthInSteps":16,"typeOfSection":0,"mustHitSection":false},{"typeOfSection":0,"sectionNotes":[[93093.75,2,0],[93000,1,0],[93375,1,0],[93468.75,2,0],[93750,1,0],[93843.75,2,0],[94125,1,0],[94218.75,2,0]],"lengthInSteps":16,"bpm":180,"changeBPM":false,"mustHitSection":true},{"typeOfSection":0,"sectionNotes":[[94500,0,0],[95625,3,281.25],[94687.5,2,0],[94875,3,562.5]],"lengthInSteps":16,"bpm":180,"changeBPM":false,"mustHitSection":true},{"typeOfSection":0,"sectionNotes":[[96000,0,0],[96093.75,1,0],[96375,0,0],[96468.75,1,0],[96750,0,0],[96937.5,2,0],[97218.75,1,0]],"lengthInSteps":16,"bpm":180,"changeBPM":false,"mustHitSection":true},{"typeOfSection":0,"sectionNotes":[[97500,0,0],[97781.25,3,0],[98062.5,2,0],[98343.75,1,0],[98625,0,0],[98906.25,3,0]],"lengthInSteps":16,"bpm":180,"changeBPM":false,"mustHitSection":true},{"typeOfSection":0,"sectionNotes":[[99000,2,0],[100125,3,0],[99562.5,1,0]],"lengthInSteps":16,"bpm":180,"changeBPM":false,"mustHitSection":false},{"typeOfSection":0,"sectionNotes":[[100500,2,0],[100687.5,1,0],[101062.5,0,843.75]],"lengthInSteps":16,"bpm":180,"changeBPM":false,"mustHitSection":false},{"typeOfSection":0,"sectionNotes":[[102000,2,0],[102375,1,0],[102750,0,0],[103125,1,0],[103312.5,2,0]],"lengthInSteps":16,"bpm":180,"changeBPM":false,"mustHitSection":false},{"lengthInSteps":16,"typeOfSection":0,"sectionNotes":[[103500,3,656.25],[104250,0,0],[104625,3,0]],"altAnim":false,"bpm":180,"changeBPM":false,"mustHitSection":false},{"lengthInSteps":16,"typeOfSection":0,"sectionNotes":[[105000,2,0],[106125,3,0],[105562.5,1,0]],"altAnim":false,"bpm":160,"changeBPM":false,"mustHitSection":true},{"lengthInSteps":16,"typeOfSection":0,"sectionNotes":[[106500,2,0],[106687.5,1,0],[107062.5,0,843.75]],"altAnim":false,"bpm":160,"changeBPM":false,"mustHitSection":true},{"lengthInSteps":16,"typeOfSection":0,"sectionNotes":[[108000,2,0],[108375,1,0],[108750,0,0],[109125,1,0],[109312.5,2,0]],"altAnim":false,"bpm":160,"changeBPM":false,"mustHitSection":true},{"lengthInSteps":16,"typeOfSection":0,"sectionNotes":[[109500,3,656.25],[110250,0,0],[110625,3,0]],"altAnim":false,"bpm":160,"changeBPM":false,"mustHitSection":true},{"lengthInSteps":16,"typeOfSection":0,"sectionNotes":[],"altAnim":false,"bpm":160,"changeBPM":false,"mustHitSection":true},{"lengthInSteps":16,"typeOfSection":0,"sectionNotes":[],"altAnim":false,"bpm":160,"changeBPM":false,"mustHitSection":true},{"lengthInSteps":16,"typeOfSection":0,"sectionNotes":[],"altAnim":false,"bpm":160,"changeBPM":false,"mustHitSection":true},{"lengthInSteps":16,"typeOfSection":0,"sectionNotes":[],"altAnim":false,"bpm":160,"changeBPM":false,"mustHitSection":true},{"lengthInSteps":16,"typeOfSection":0,"sectionNotes":[],"altAnim":false,"bpm":160,"changeBPM":false,"mustHitSection":true},{"lengthInSteps":16,"typeOfSection":0,"sectionNotes":[],"altAnim":false,"bpm":160,"changeBPM":false,"mustHitSection":true},{"lengthInSteps":16,"typeOfSection":0,"sectionNotes":[],"altAnim":false,"bpm":160,"changeBPM":false,"mustHitSection":true},{"lengthInSteps":16,"typeOfSection":0,"sectionNotes":[],"altAnim":false,"bpm":160,"changeBPM":false,"mustHitSection":true},{"lengthInSteps":16,"typeOfSection":0,"sectionNotes":[],"altAnim":false,"bpm":160,"changeBPM":false,"mustHitSection":true},{"lengthInSteps":16,"typeOfSection":0,"sectionNotes":[],"altAnim":false,"bpm":160,"changeBPM":false,"mustHitSection":true},{"sectionNotes":[],"typeOfSection":0,"lengthInSteps":16,"altAnim":false,"mustHitSection":true,"changeBPM":false,"bpm":160},{"sectionNotes":[],"typeOfSection":0,"lengthInSteps":16,"altAnim":false,"mustHitSection":true,"changeBPM":false,"bpm":160},{"sectionNotes":[],"typeOfSection":0,"lengthInSteps":16,"altAnim":false,"mustHitSection":true,"changeBPM":false,"bpm":160},{"lengthInSteps":16,"altAnim":false,"typeOfSection":0,"sectionNotes":[],"bpm":160,"changeBPM":false,"mustHitSection":true},{"lengthInSteps":16,"altAnim":false,"typeOfSection":0,"sectionNotes":[],"bpm":160,"changeBPM":false,"mustHitSection":true},{"lengthInSteps":16,"altAnim":false,"typeOfSection":0,"sectionNotes":[],"bpm":160,"changeBPM":false,"mustHitSection":true}],"song":"golden","validScore":true,"sections":45,"needsVoices":true,"bpm":160,"speed":2}}