{"song":{"player1":"bf","notes":[{"typeOfSection":0,"lengthInSteps":16,"sectionNotes":[],"mustHitSection":false},{"typeOfSection":0,"lengthInSteps":16,"sectionNotes":[],"mustHitSection":false},{"typeOfSection":0,"lengthInSteps":16,"sectionNotes":[],"mustHitSection":false},{"typeOfSection":0,"lengthInSteps":16,"sectionNotes":[],"mustHitSection":false},{"typeOfSection":0,"lengthInSteps":16,"sectionNotes":[],"mustHitSection":false},{"typeOfSection":0,"lengthInSteps":16,"sectionNotes":[],"mustHitSection":false},{"typeOfSection":0,"lengthInSteps":16,"sectionNotes":[],"mustHitSection":false},{"typeOfSection":0,"lengthInSteps":16,"sectionNotes":[],"mustHitSection":false},{"typeOfSection":0,"lengthInSteps":16,"sectionNotes":[[12000,0,0],[12000,2,0],[12750,0,0],[12937.5,3,0],[13125,0,0],[13125,3,0],[12187.5,0,0],[12281.25,2,0],[12375,3,0],[12468.75,2,0],[12843.75,2,0],[12562.5,1,0]],"mustHitSection":false},{"typeOfSection":0,"lengthInSteps":16,"sectionNotes":[[13500,3,0],[13500,2,0],[13687.5,1,0],[13687.5,2,0],[14062.5,0,468.75],[14062.5,1,468.75],[14625,0,0],[14718.75,1,0],[14812.5,2,0],[14906.25,3,0]],"mustHitSection":false},{"typeOfSection":0,"lengthInSteps":16,"sectionNotes":[[15000,0,0],[15093.75,1,0],[15187.5,2,0],[15281.25,3,0],[15375,0,281.25],[15375,2,281.25],[15750,3,0],[15843.75,2,0],[15937.5,1,0],[16031.25,0,0],[16125,3,0],[16218.75,2,0],[16312.5,1,0],[16406.25,0,0]],"mustHitSection":false},{"typeOfSection":0,"lengthInSteps":16,"sectionNotes":[[16500,2,281.25],[16500,3,281.25],[16875,1,281.25],[17250,0,656.25],[16875,3,281.25],[17250,3,656.25]],"mustHitSection":false},{"typeOfSection":0,"lengthInSteps":16,"sectionNotes":[[18000,0,0],[18000,2,0],[18750,0,0],[18937.5,3,0],[19125,0,0],[19125,3,0],[18187.5,0,0],[18281.25,2,0],[18375,3,0],[18468.75,2,0],[18843.75,2,0],[18562.5,1,0]],"mustHitSection":true},{"typeOfSection":0,"lengthInSteps":16,"sectionNotes":[[19500,3,0],[19500,2,0],[19687.5,1,0],[19687.5,2,0],[20062.5,0,468.75],[20062.5,1,468.75],[20625,0,0],[20718.75,1,0],[20812.5,2,0],[20906.25,3,0]],"mustHitSection":true},{"typeOfSection":0,"lengthInSteps":16,"sectionNotes":[[21000,0,0],[21093.75,1,0],[21187.5,2,0],[21281.25,3,0],[21375,0,281.25],[21375,2,281.25],[21750,3,0],[21843.75,2,0],[21937.5,1,0],[22031.25,0,0],[22125,3,0],[22218.75,2,0],[22312.5,1,0],[22406.25,0,0]],"mustHitSection":true},{"typeOfSection":0,"lengthInSteps":16,"sectionNotes":[[22500,2,281.25],[22500,3,281.25],[22875,3,281.25],[22875,1,281.25],[23625,1,281.25],[23250,0,281.25],[23250,3,281.25],[23625,3,281.25]],"mustHitSection":true},{"typeOfSection":0,"lengthInSteps":16,"sectionNotes":[[24000,0,0],[24000,2,0],[24750,0,0],[24843.75,1,0],[24937.5,3,0],[24187.5,0,0],[24281.25,2,0],[24375,3,0],[24468.75,2,0],[24937.5,0,0],[25218.75,3,0],[25125,2,0],[25312.5,2,0],[24562.5,1,0]],"mustHitSection":false},{"typeOfSection":0,"lengthInSteps":16,"sectionNotes":[[25500,3,0],[25500,2,0],[25781.25,2,0],[25781.25,0,0],[26062.5,0,281.25],[26062.5,1,281.25],[26437.5,0,0],[26437.5,3,0],[26625,1,281.25],[26625,2,281.25]],"mustHitSection":false},{"typeOfSection":0,"lengthInSteps":16,"sectionNotes":[[27000,0,0],[27093.75,1,0],[27187.5,2,0],[27281.25,3,0],[27375,1,0],[27562.5,0,0],[27656.25,2,0],[27750,1,0],[27843.75,2,0],[27937.5,3,0],[28031.25,2,0],[28125,3,0],[28218.75,2,0],[28406.25,1,0]],"mustHitSection":false},{"typeOfSection":0,"lengthInSteps":16,"sectionNotes":[[28500,3,0],[28593.75,2,0],[28687.5,1,0],[28781.25,2,0],[28875,1,0],[29062.5,2,0],[29156.25,3,0],[29250,1,0],[29343.75,0,0],[29437.5,1,0],[29531.25,2,0],[29625,3,0],[29718.75,2,0],[29812.5,1,0],[29906.25,0,0]],"mustHitSection":false},{"typeOfSection":0,"lengthInSteps":16,"sectionNotes":[[30000,0,0],[30000,2,0],[30750,0,0],[30843.75,1,0],[30937.5,3,0],[30187.5,0,0],[30281.25,2,0],[30375,3,0],[30468.75,2,0],[30937.5,0,0],[31218.75,3,0],[31125,2,0],[31312.5,2,0],[30562.5,1,0]],"mustHitSection":true},{"typeOfSection":0,"lengthInSteps":16,"sectionNotes":[[31500,3,0],[31500,2,0],[31781.25,2,0],[31781.25,0,0],[32062.5,0,281.25],[32062.5,1,281.25],[32437.5,0,0],[32437.5,3,0],[32625,1,281.25],[32625,2,281.25]],"mustHitSection":true},{"typeOfSection":0,"lengthInSteps":16,"sectionNotes":[[33000,0,0],[33093.75,1,0],[33187.5,2,0],[33281.25,3,0],[33375,1,0],[33562.5,0,0],[33656.25,2,0],[33750,1,0],[33843.75,2,0],[33937.5,3,0],[34031.25,2,0],[34125,3,0],[34218.75,2,0],[34406.25,1,0]],"mustHitSection":true},{"typeOfSection":0,"lengthInSteps":16,"sectionNotes":[[34500,3,0],[34593.75,2,0],[34687.5,1,0],[34781.25,2,0],[34875,1,0],[35062.5,2,0],[35156.25,3,0],[35250,1,0],[35343.75,0,0],[35437.5,1,0],[35531.25,2,0],[35625,3,0],[35718.75,2,0],[35812.5,1,0],[35906.25,0,0]],"mustHitSection":true},{"typeOfSection":0,"lengthInSteps":16,"sectionNotes":[[36000,0,0],[36000,2,0],[36562.5,0,0],[37125,0,0],[37125,3,0],[36562.5,1,0]],"mustHitSection":false},{"typeOfSection":0,"lengthInSteps":16,"sectionNotes":[[37500,3,0],[37500,2,0],[37687.5,1,0],[37687.5,2,0],[38062.5,0,843.75],[38062.5,1,843.75]],"mustHitSection":false},{"typeOfSection":0,"lengthInSteps":16,"sectionNotes":[[39000,3,0],[39000,2,0],[39375,2,0],[39375,1,0],[39750,2,0],[39750,0,0],[40125,0,0],[40125,1,0],[40312.5,1,0],[40312.5,2,0]],"mustHitSection":false},{"typeOfSection":0,"lengthInSteps":16,"sectionNotes":[[40500,2,656.25],[40500,3,656.25],[41250,0,0],[41343.75,1,0],[41437.5,2,0],[41625,3,0],[41718.75,2,0],[41812.5,1,0]],"mustHitSection":false},{"typeOfSection":0,"lengthInSteps":16,"sectionNotes":[[42000,0,0],[42000,2,0],[42562.5,0,0],[43125,0,0],[43125,3,0],[42562.5,1,0]],"mustHitSection":true},{"typeOfSection":0,"lengthInSteps":16,"sectionNotes":[[43500,3,0],[43500,2,0],[43687.5,1,0],[43687.5,2,0],[44062.5,0,843.75],[44062.5,1,843.75]],"mustHitSection":true},{"typeOfSection":0,"lengthInSteps":16,"sectionNotes":[[45000,3,0],[45000,2,0],[45375,2,0],[45375,1,0],[45750,2,0],[45750,0,0],[46125,0,0],[46125,1,0],[46312.5,1,0],[46312.5,2,0]],"mustHitSection":true},{"typeOfSection":0,"lengthInSteps":16,"sectionNotes":[[46500,2,656.25],[46500,3,656.25],[47250,0,0],[47343.75,1,0],[47437.5,2,0],[47625,3,0],[47718.75,2,0],[47812.5,1,0]],"mustHitSection":true},{"typeOfSection":0,"lengthInSteps":16,"sectionNotes":[],"mustHitSection":true},{"typeOfSection":0,"lengthInSteps":16,"sectionNotes":[[49968.75,3,0],[50062.5,2,0],[50250,2,0],[50343.75,1,0],[50156.25,3,0],[50437.5,0,0],[50531.25,1,0],[50625,2,0],[50718.75,3,0],[50812.5,2,0],[50906.25,3,0],[49500,0,0],[49593.75,1,0],[49687.5,2,0],[49781.25,1,0],[49875,2,0]],"mustHitSection":false},{"typeOfSection":0,"lengthInSteps":16,"sectionNotes":[[51000,0,0],[51468.75,3,0],[51656.25,2,0],[51750,3,0],[51843.75,1,0],[51937.5,0,0],[52031.25,2,0],[52125,3,0],[52218.75,1,0],[52312.5,0,0],[52406.25,1,0],[51093.75,2,0],[51187.5,1,0],[51281.25,3,0]],"mustHitSection":false},{"typeOfSection":0,"lengthInSteps":16,"sectionNotes":[[52500,1,0],[52687.5,1,0],[52781.25,1,0],[52968.75,1,0],[53062.5,1,0],[53250,1,0],[53625,1,0],[53906.25,1,0]],"mustHitSection":false},{"typeOfSection":0,"lengthInSteps":16,"sectionNotes":[[54375,2,0],[54468.75,2,0],[54656.25,2,0],[54750,2,0],[54937.5,2,0],[55125,2,0],[55312.5,2,0],[54000,3,0],[54093.75,0,0],[54187.5,3,0],[55406.25,2,0]],"mustHitSection":false},{"typeOfSection":0,"lengthInSteps":16,"sectionNotes":[[55968.75,3,0],[56062.5,2,0],[56250,2,0],[56343.75,1,0],[56156.25,3,0],[56437.5,0,0],[56531.25,1,0],[56625,2,0],[56718.75,3,0],[56812.5,2,0],[56906.25,3,0],[55500,0,0],[55593.75,1,0],[55687.5,2,0],[55781.25,1,0],[55875,2,0]],"mustHitSection":true},{"typeOfSection":0,"lengthInSteps":16,"sectionNotes":[[57000,0,0],[57468.75,3,0],[57656.25,2,0],[57750,3,0],[57843.75,1,0],[57937.5,0,0],[58031.25,2,0],[58125,3,0],[58218.75,1,0],[58312.5,0,0],[58406.25,1,0],[57093.75,2,0],[57187.5,1,0],[57281.25,3,0]],"mustHitSection":true},{"typeOfSection":0,"lengthInSteps":16,"sectionNotes":[[58500,1,0],[58687.5,1,0],[58781.25,1,0],[58968.75,1,0],[59062.5,1,0],[59250,1,0],[59625,1,0],[59906.25,1,0]],"mustHitSection":true},{"typeOfSection":0,"lengthInSteps":16,"sectionNotes":[[60375,2,0],[60468.75,2,0],[60656.25,2,0],[60750,2,0],[60937.5,2,0],[61125,2,0],[61312.5,2,0],[60000,0,0],[60093.75,3,0],[60187.5,0,0],[61406.25,2,0]],"mustHitSection":true},{"typeOfSection":0,"lengthInSteps":16,"sectionNotes":[[61500,0,0],[61500,2,0],[62062.5,0,0],[62625,0,0],[62625,3,0],[62062.5,1,0]],"mustHitSection":false},{"typeOfSection":0,"lengthInSteps":16,"sectionNotes":[[63000,3,0],[63000,2,0],[63187.5,1,0],[63187.5,2,0],[63562.5,0,843.75],[63562.5,1,843.75]],"mustHitSection":false},{"typeOfSection":0,"lengthInSteps":16,"sectionNotes":[[64500,3,0],[64500,2,0],[64875,2,0],[64875,1,0],[65250,2,0],[65250,0,0],[65625,0,0],[65625,1,0],[65812.5,1,0],[65812.5,2,0]],"mustHitSection":false},{"typeOfSection":0,"lengthInSteps":16,"sectionNotes":[[66000,2,656.25],[66000,3,656.25],[66750,0,0],[66843.75,1,0],[66937.5,2,0],[67125,3,0],[67218.75,2,0],[67312.5,1,0]],"mustHitSection":false},{"typeOfSection":0,"lengthInSteps":16,"sectionNotes":[[67500,0,0],[67500,2,0],[68062.5,0,0],[68625,0,0],[68625,3,0],[68062.5,1,0]],"mustHitSection":true},{"typeOfSection":0,"lengthInSteps":16,"sectionNotes":[[69000,3,0],[69000,2,0],[69187.5,1,0],[69187.5,2,0],[69562.5,0,843.75],[69562.5,1,843.75]],"mustHitSection":true},{"typeOfSection":0,"lengthInSteps":16,"sectionNotes":[[70500,3,0],[70500,2,0],[70875,2,0],[70875,1,0],[71250,2,0],[71250,0,0],[71625,0,0],[71625,1,0],[71812.5,1,0],[71812.5,2,0]],"mustHitSection":true},{"typeOfSection":0,"lengthInSteps":16,"sectionNotes":[[72000,2,656.25],[72000,3,656.25],[72750,0,0],[72843.75,1,0],[72937.5,2,0],[73125,3,0],[73218.75,2,0],[73312.5,1,0]],"mustHitSection":true},{"typeOfSection":0,"lengthInSteps":16,"sectionNotes":[[73500,0,0],[73500,2,0],[74250,0,0],[74437.5,3,0],[74625,0,0],[74625,3,0],[73687.5,0,0],[73781.25,2,0],[73875,3,0],[73968.75,2,0],[74343.75,2,0],[74062.5,1,0]],"mustHitSection":false},{"typeOfSection":0,"lengthInSteps":16,"sectionNotes":[[75000,3,0],[75000,2,0],[75187.5,1,0],[75187.5,2,0],[75562.5,0,468.75],[75562.5,1,468.75],[76125,0,0],[76218.75,1,0],[76312.5,2,0],[76406.25,3,0]],"mustHitSection":false},{"typeOfSection":0,"lengthInSteps":16,"sectionNotes":[[76500,0,0],[76593.75,1,0],[76687.5,2,0],[76781.25,3,0],[76875,0,281.25],[76875,2,281.25],[77250,3,0],[77343.75,2,0],[77437.5,1,0],[77531.25,0,0],[77625,3,0],[77718.75,2,0],[77812.5,1,0],[77906.25,0,0]],"mustHitSection":false},{"typeOfSection":0,"lengthInSteps":16,"sectionNotes":[[78000,2,281.25],[78000,3,281.25],[78375,1,281.25],[78750,0,656.25],[78375,3,281.25],[78750,3,656.25]],"mustHitSection":false},{"typeOfSection":0,"lengthInSteps":16,"sectionNotes":[[79500,0,0],[79500,2,0],[80250,0,0],[80437.5,3,0],[80625,0,0],[80625,3,0],[79687.5,0,0],[79781.25,2,0],[79875,3,0],[79968.75,2,0],[80062.5,1,0],[80343.75,2,0]],"mustHitSection":true},{"typeOfSection":0,"lengthInSteps":16,"sectionNotes":[[81000,3,0],[81000,2,0],[81187.5,1,0],[81187.5,2,0],[81562.5,0,468.75],[81562.5,1,468.75],[82125,0,0],[82218.75,1,0],[82312.5,2,0],[82406.25,3,0]],"mustHitSection":true},{"typeOfSection":0,"lengthInSteps":16,"sectionNotes":[[82500,0,0],[82593.75,1,0],[82687.5,2,0],[82781.25,3,0],[82875,0,281.25],[82875,2,281.25],[83250,3,0],[83343.75,2,0],[83437.5,1,0],[83531.25,0,0],[83625,3,0],[83718.75,2,0],[83812.5,1,0],[83906.25,0,0]],"mustHitSection":true},{"typeOfSection":0,"lengthInSteps":16,"sectionNotes":[[84000,2,281.25],[84000,3,281.25],[84375,3,281.25],[84375,1,281.25],[85125,1,281.25],[84750,3,281.25],[85125,3,281.25],[84750,0,281.25]],"mustHitSection":true},{"typeOfSection":0,"lengthInSteps":16,"sectionNotes":[],"mustHitSection":true},{"typeOfSection":0,"lengthInSteps":16,"sectionNotes":[[87093.75,2,0],[87281.25,2,0],[87187.5,0,0],[87000,1,0],[87375,1,0],[87468.75,2,0],[87562.5,0,0],[87656.25,2,0],[87750,1,0],[87843.75,2,0],[87937.5,0,0],[88031.25,2,0],[88125,1,0],[88218.75,2,0],[88312.5,0,0],[88406.25,2,0]],"mustHitSection":false},{"typeOfSection":0,"lengthInSteps":16,"sectionNotes":[[88500,0,0],[88875,3,0],[89062.5,3,0],[89250,3,0],[89437.5,3,0],[89625,3,281.25],[88593.75,1,0],[88687.5,2,0],[88781.25,1,0]],"mustHitSection":false},{"typeOfSection":0,"lengthInSteps":16,"sectionNotes":[[90000,0,0],[90093.75,1,0],[90187.5,2,0],[90281.25,3,0],[90375,0,0],[90468.75,1,0],[90562.5,2,0],[90656.25,3,0],[90750,0,0],[90843.75,1,0],[90937.5,2,0],[91031.25,3,0],[91125,2,0],[91218.75,1,0],[91312.5,0,0],[91406.25,1,0]],"mustHitSection":false},{"typeOfSection":0,"lengthInSteps":16,"sectionNotes":[[91500,0,0],[91593.75,1,0],[91687.5,0,0],[91781.25,3,0],[91875,1,0],[91968.75,3,0],[92062.5,2,0],[92156.25,0,0],[92250,2,0],[92343.75,1,0],[92531.25,1,0],[92437.5,3,0],[92625,0,0],[92812.5,0,0],[92718.75,3,0],[92906.25,3,0]],"mustHitSection":false},{"lengthInSteps":16,"sectionNotes":[[93093.75,2,0],[93281.25,2,0],[93187.5,0,0],[93000,1,0],[93375,1,0],[93468.75,2,0],[93562.5,0,0],[93656.25,2,0],[93750,1,0],[93843.75,2,0],[93937.5,0,0],[94031.25,2,0],[94125,1,0],[94218.75,2,0],[94312.5,0,0],[94406.25,2,0]],"typeOfSection":0,"mustHitSection":true,"changeBPM":false,"bpm":180},{"lengthInSteps":16,"sectionNotes":[[94500,0,0],[94875,3,0],[95062.5,3,0],[95250,3,0],[95437.5,3,0],[95625,3,281.25],[94593.75,1,0],[94687.5,2,0],[94781.25,1,0]],"typeOfSection":0,"mustHitSection":true,"changeBPM":false,"bpm":180},{"lengthInSteps":16,"sectionNotes":[[96000,0,0],[96093.75,1,0],[96187.5,2,0],[96281.25,3,0],[96375,0,0],[96468.75,1,0],[96562.5,2,0],[96656.25,3,0],[96750,0,0],[96843.75,1,0],[96937.5,2,0],[97031.25,3,0],[97125,2,0],[97218.75,1,0],[97312.5,0,0],[97406.25,1,0]],"typeOfSection":0,"mustHitSection":true,"changeBPM":false,"bpm":180},{"lengthInSteps":16,"sectionNotes":[[97500,0,0],[97593.75,1,0],[97687.5,0,0],[97781.25,3,0],[97875,1,0],[97968.75,3,0],[98062.5,2,0],[98156.25,0,0],[98250,2,0],[98343.75,1,0],[98531.25,1,0],[98437.5,3,0],[98625,0,0],[98812.5,0,0],[98718.75,3,0],[98906.25,3,0]],"typeOfSection":0,"mustHitSection":true,"changeBPM":false,"bpm":180},{"lengthInSteps":16,"sectionNotes":[[99000,0,0],[99000,2,0],[99562.5,0,0],[100125,0,0],[100125,3,0],[99562.5,1,0]],"typeOfSection":0,"mustHitSection":false,"changeBPM":false,"bpm":180},{"lengthInSteps":16,"sectionNotes":[[100500,3,0],[100500,2,0],[100687.5,1,0],[100687.5,2,0],[101062.5,0,843.75],[101062.5,1,843.75]],"typeOfSection":0,"mustHitSection":false,"changeBPM":false,"bpm":180},{"lengthInSteps":16,"sectionNotes":[[102000,3,0],[102000,2,0],[102375,2,0],[102375,1,0],[102750,2,0],[102750,0,0],[103125,0,0],[103125,1,0],[103312.5,1,0],[103312.5,2,0]],"typeOfSection":0,"mustHitSection":false,"changeBPM":false,"bpm":180},{"sectionNotes":[[103500,2,656.25],[103500,3,656.25],[104250,0,0],[104343.75,1,0],[104437.5,2,0],[104625,3,0],[104718.75,2,0],[104812.5,1,0]],"typeOfSection":0,"lengthInSteps":16,"altAnim":false,"mustHitSection":false,"changeBPM":false,"bpm":180},{"sectionNotes":[[105000,0,0],[105000,2,0],[105562.5,0,0],[106125,0,0],[106125,3,0],[105562.5,1,0]],"typeOfSection":0,"lengthInSteps":16,"altAnim":false,"mustHitSection":true,"changeBPM":false,"bpm":160},{"sectionNotes":[[106500,3,0],[106500,2,0],[106687.5,1,0],[106687.5,2,0],[107062.5,0,843.75],[107062.5,1,843.75]],"typeOfSection":0,"lengthInSteps":16,"altAnim":false,"mustHitSection":true,"changeBPM":false,"bpm":160},{"sectionNotes":[[108000,3,0],[108000,2,0],[108375,2,0],[108375,1,0],[108750,2,0],[108750,0,0],[109125,0,0],[109125,1,0],[109312.5,1,0],[109312.5,2,0]],"typeOfSection":0,"lengthInSteps":16,"altAnim":false,"mustHitSection":true,"changeBPM":false,"bpm":160},{"sectionNotes":[[109500,2,656.25],[109500,3,656.25],[110250,0,0],[110343.75,1,0],[110437.5,2,0],[110625,3,0],[110718.75,2,0],[110812.5,1,0]],"typeOfSection":0,"lengthInSteps":16,"altAnim":false,"mustHitSection":true,"changeBPM":false,"bpm":160},{"sectionNotes":[],"typeOfSection":0,"lengthInSteps":16,"altAnim":false,"mustHitSection":true,"changeBPM":false,"bpm":160},{"sectionNotes":[],"typeOfSection":0,"lengthInSteps":16,"altAnim":false,"mustHitSection":true,"changeBPM":false,"bpm":160},{"sectionNotes":[],"typeOfSection":0,"lengthInSteps":16,"altAnim":false,"mustHitSection":true,"changeBPM":false,"bpm":160},{"sectionNotes":[],"typeOfSection":0,"lengthInSteps":16,"altAnim":false,"mustHitSection":true,"changeBPM":false,"bpm":160},{"sectionNotes":[],"typeOfSection":0,"lengthInSteps":16,"altAnim":false,"mustHitSection":true,"changeBPM":false,"bpm":160},{"sectionNotes":[],"typeOfSection":0,"lengthInSteps":16,"altAnim":false,"mustHitSection":true,"changeBPM":false,"bpm":160},{"sectionNotes":[],"typeOfSection":0,"lengthInSteps":16,"altAnim":false,"mustHitSection":true,"changeBPM":false,"bpm":160},{"sectionNotes":[],"typeOfSection":0,"lengthInSteps":16,"altAnim":false,"mustHitSection":true,"changeBPM":false,"bpm":160},{"sectionNotes":[],"typeOfSection":0,"lengthInSteps":16,"altAnim":false,"mustHitSection":true,"changeBPM":false,"bpm":160},{"sectionNotes":[],"typeOfSection":0,"lengthInSteps":16,"altAnim":false,"mustHitSection":true,"changeBPM":false,"bpm":160},{"lengthInSteps":16,"altAnim":false,"typeOfSection":0,"sectionNotes":[],"bpm":160,"changeBPM":false,"mustHitSection":true},{"lengthInSteps":16,"altAnim":false,"typeOfSection":0,"sectionNotes":[],"bpm":160,"changeBPM":false,"mustHitSection":true},{"lengthInSteps":16,"altAnim":false,"typeOfSection":0,"sectionNotes":[],"bpm":160,"changeBPM":false,"mustHitSection":true}],"player2":"cybbr-golden","song":"Golden","validScore":true,"sections":45,"needsVoices":true,"speed":2.6,"bpm":160}}